

================================================================
== Vivado HLS Report for 'Block_codeRepl1510_p'
================================================================
* Date:           Tue Oct 15 01:33:03 2019

* Version:        2016.4 (Build 1756540 on Mon Jan 23 19:31:01 MST 2017)
* Project:        example
* Solution:       ku060_solution
* Product family: kintexu
* Target device:  xcku060-ffva1156-1l-i


================================================================
== Performance Estimates
================================================================
+ Timing (ns): 
    * Summary: 
    +--------+-------+----------+------------+
    |  Clock | Target| Estimated| Uncertainty|
    +--------+-------+----------+------------+
    |ap_clk  |   4.60|      4.55|        0.00|
    +--------+-------+----------+------------+

+ Latency (clock cycles): 
    * Summary: 
    +-----+------+-----+------+---------+
    |   Latency  |  Interval  | Pipeline|
    | min |  max | min |  max |   Type  |
    +-----+------+-----+------+---------+
    |   14|  4390|   14|  4390|   none  |
    +-----+------+-----+------+---------+

    + Detail: 
        * Instance: 
        +---------------------------------+---------------------+-----+-----+-----+-----+---------+
        |                                 |                     |  Latency  |  Interval | Pipeline|
        |             Instance            |        Module       | min | max | min | max |   Type  |
        +---------------------------------+---------------------+-----+-----+-----+-----+---------+
        |grp_axi_stream_pass_alt_fu_2287  |axi_stream_pass_alt  |    1|    1|    1|    1|   none  |
        +---------------------------------+---------------------+-----+-----+-----+-----+---------+

        * Loop: 
        +-------------+------+------+----------+-----------+-----------+-------+----------+
        |             |   Latency   | Iteration|  Initiation Interval  |  Trip |          |
        |  Loop Name  |  min |  max |  Latency |  achieved |   target  | Count | Pipelined|
        +-------------+------+------+----------+-----------+-----------+-------+----------+
        |- Loop 1     |  4112|  4112|        16|          -|          -|    257|    no    |
        | + Loop 1.1  |     4|     4|         2|          -|          -|      2|    no    |
        | + Loop 1.2  |     4|     4|         2|          -|          -|      2|    no    |
        | + Loop 1.3  |     4|     4|         2|          -|          -|      2|    no    |
        |- Loop 2     |    22|    22|         2|          -|          -|     11|    no    |
        |- Loop 3     |     3|   196|  3 ~ 39  |          -|          -| 1 ~ 5 |    no    |
        |- Loop 4     |     4|     4|         2|          -|          -|      2|    no    |
        |- Loop 5     |     4|     4|         2|          -|          -|      2|    no    |
        |- Loop 6     |     4|     4|         2|          -|          -|      2|    no    |
        |- Loop 7     |     2|     5|         2|          -|          -| 1 ~ 2 |    no    |
        |- Loop 8     |     2|     5|         2|          -|          -| 1 ~ 2 |    no    |
        |- Loop 9     |     2|     5|         2|          -|          -| 1 ~ 2 |    no    |
        +-------------+------+------+----------+-----------+-----------+-------+----------+



================================================================
== Utilization Estimates
================================================================
* Summary: 
+-----------------+---------+-------+--------+--------+
|       Name      | BRAM_18K| DSP48E|   FF   |   LUT  |
+-----------------+---------+-------+--------+--------+
|DSP              |        -|      -|       -|       -|
|Expression       |        -|      -|       0|    4349|
|FIFO             |       60|      -|    1200|    1192|
|Instance         |        -|     10|    2966|    2662|
|Memory           |       27|      -|      42|      93|
|Multiplexer      |        -|      -|       -|    7326|
|Register         |        -|      -|    9313|       -|
+-----------------+---------+-------+--------+--------+
|Total            |       87|     10|   13521|   15622|
+-----------------+---------+-------+--------+--------+
|Available        |     2160|   2760|  663360|  331680|
+-----------------+---------+-------+--------+--------+
|Utilization (%)  |        4|   ~0  |       2|       4|
+-----------------+---------+-------+--------+--------+

+ Detail: 
    * Instance: 
    +---------------------------------+----------------------+---------+-------+-----+-----+
    |             Instance            |        Module        | BRAM_18K| DSP48E|  FF | LUT |
    +---------------------------------+----------------------+---------+-------+-----+-----+
    |grp_axi_stream_pass_alt_fu_2287  |axi_stream_pass_alt   |        0|      0|  631|  335|
    |example_faddfsub_zec_U11         |example_faddfsub_zec  |        0|      2|  296|  244|
    |example_fdiv_32nsCeG_U15         |example_fdiv_32nsCeG  |        0|      0|  761|  803|
    |example_fmul_32nsBew_U13         |example_fmul_32nsBew  |        0|      3|  151|  148|
    |example_fmul_32nsBew_U14         |example_fmul_32nsBew  |        0|      3|  151|  148|
    |example_fsub_32nsAem_U12         |example_fsub_32nsAem  |        0|      2|  296|  244|
    |example_sitofp_32DeQ_U16         |example_sitofp_32DeQ  |        0|      0|  340|  370|
    |example_sitofp_32DeQ_U17         |example_sitofp_32DeQ  |        0|      0|  340|  370|
    +---------------------------------+----------------------+---------+-------+-----+-----+
    |Total                            |                      |        0|     10| 2966| 2662|
    +---------------------------------+----------------------+---------+-------+-----+-----+

    * DSP48: 
    N/A

    * Memory: 
    +------------------------+----------------------+---------+---+----+------+-----+------+-------------+
    |         Memory         |        Module        | BRAM_18K| FF| LUT| Words| Bits| Banks| W*Bits*Banks|
    +------------------------+----------------------+---------+---+----+------+-----+------+-------------+
    |topics_data_V_U         |Block_codeRepl151bkb  |        5|  0|   0|   257|  176|     1|        45232|
    |topics_tot_sub_V_U      |Block_codeRepl151cud  |        0|  6|  13|   257|    3|     1|          771|
    |topics_exec_2_U         |Block_codeRepl151cud  |        0|  6|  13|   257|    3|     1|          771|
    |topics_exec_3_U         |Block_codeRepl151cud  |        0|  6|  13|   257|    3|     1|          771|
    |topics_exec_4_U         |Block_codeRepl151cud  |        0|  6|  13|   257|    3|     1|          771|
    |topics_count_V_U        |Block_codeRepl151dEe  |        1|  0|   0|   257|   16|     1|         4112|
    |topics_min_V_U          |Block_codeRepl151dEe  |        1|  0|   0|   257|   16|     1|         4112|
    |topics_max_V_U          |Block_codeRepl151dEe  |        1|  0|   0|   257|   16|     1|         4112|
    |topics_klm_x_prev_V_U   |Block_codeRepl151dEe  |        1|  0|   0|   257|   16|     1|         4112|
    |topics_sub_ip_dest_V_U  |Block_codeRepl151eOg  |        2|  0|   0|   514|   32|     1|        16448|
    |topics_sub_ip_src_V_U   |Block_codeRepl151eOg  |        2|  0|   0|   514|   32|     1|        16448|
    |topics_avg_V_U          |Block_codeRepl151g8j  |        0|  4|   9|   257|    2|     1|          514|
    |topics_exec_0_U         |Block_codeRepl151g8j  |        0|  4|   9|   257|    2|     1|          514|
    |topics_exec_1_U         |Block_codeRepl151g8j  |        0|  4|   9|   257|    2|     1|          514|
    |topics_klm_r_V_U        |Block_codeRepl151g8j  |        0|  4|   9|   257|    2|     1|          514|
    |topics_sum_V_U          |Block_codeRepl151jbC  |        1|  0|   0|   257|   32|     1|         8224|
    |topics_klm_x_hat_U      |Block_codeRepl151jbC  |        1|  0|   0|   257|   32|     1|         8224|
    |topics_klm_p_U          |Block_codeRepl151jbC  |        1|  0|   0|   257|   32|     1|         8224|
    |topics_vld_U            |Block_codeRepl151tde  |        0|  2|   5|   257|    1|     1|          257|
    |topics_sub_mac_V_U      |Block_codeRepl151udo  |        3|  0|   0|   514|   48|     1|        24672|
    |tmp_topic_sub_ip_des_U  |Block_codeRepl151vdy  |        2|  0|   0|     2|   32|     1|           64|
    |tmp_topic_sub_ip_src_U  |Block_codeRepl151vdy  |        2|  0|   0|     2|   32|     1|           64|
    |tmp_topic_sub_mac_V_U   |Block_codeRepl151xdS  |        3|  0|   0|     2|   48|     1|           96|
    |tmp_topic_exec_U        |Block_codeRepl151yd2  |        1|  0|   0|     5|    3|     1|           15|
    +------------------------+----------------------+---------+---+----+------+-----+------+-------------+
    |Total                   |                      |       27| 42|  93|  5922|  584|    24|       149556|
    +------------------------+----------------------+---------+---+----+------+-----+------+-------------+

    * FIFO: 
    +--------------------------------------------------+---------+-----+-----+------+-----+---------+
    |                       Name                       | BRAM_18K|  FF | LUT | Depth| Bits| Size:D*B|
    +--------------------------------------------------+---------+-----+-----+------+-----+---------+
    |merger_host_0_V_dat_merger_host_0_V_dat_fifo_U    |       15|  272|  182|    16|  256|     4096|
    |merger_host_0_V_id_s_merger_host_0_V_id_s_fifo_U  |        0|    7|   20|    16|    3|       48|
    |merger_host_0_V_kee_merger_host_0_V_kee_fifo_U    |        0|    7|   48|    16|   32|      512|
    |merger_host_0_V_las_merger_host_0_V_las_fifo_U    |        0|    7|   20|    16|    1|       16|
    |merger_host_0_V_use_merger_host_0_V_use_fifo_U    |        0|    7|   28|    16|   12|      192|
    |merger_host_1_V_dat_merger_host_1_V_dat_fifo_U    |       15|  272|  182|    16|  256|     4096|
    |merger_host_1_V_id_s_merger_host_1_V_id_s_fifo_U  |        0|    7|   20|    16|    3|       48|
    |merger_host_1_V_kee_merger_host_1_V_kee_fifo_U    |        0|    7|   48|    16|   32|      512|
    |merger_host_1_V_las_merger_host_1_V_las_fifo_U    |        0|    7|   20|    16|    1|       16|
    |merger_host_1_V_use_merger_host_1_V_use_fifo_U    |        0|    7|   28|    16|   12|      192|
    |merger_network_0_V_1_merger_network_0_V_1_fifo_U  |        0|    7|   48|    16|   32|      512|
    |merger_network_0_V_2_merger_network_0_V_2_fifo_U  |        0|    7|   20|    16|    1|       16|
    |merger_network_0_V_3_merger_network_0_V_3_fifo_U  |        0|    7|   20|    16|    3|       48|
    |merger_network_0_V_4_merger_network_0_V_4_fifo_U  |        0|    7|   28|    16|   12|      192|
    |merger_network_0_V_s_merger_network_0_V_s_fifo_U  |       15|  272|  182|    16|  256|     4096|
    |merger_network_1_V_1_merger_network_1_V_1_fifo_U  |        0|    7|   48|    16|   32|      512|
    |merger_network_1_V_2_merger_network_1_V_2_fifo_U  |        0|    7|   20|    16|    1|       16|
    |merger_network_1_V_3_merger_network_1_V_3_fifo_U  |        0|    7|   20|    16|    3|       48|
    |merger_network_1_V_4_merger_network_1_V_4_fifo_U  |        0|    7|   28|    16|   12|      192|
    |merger_network_1_V_s_merger_network_1_V_s_fifo_U  |       15|  272|  182|    16|  256|     4096|
    +--------------------------------------------------+---------+-----+-----+------+-----+---------+
    |Total                                             |       60| 1200| 1192|   320| 1216|    19456|
    +--------------------------------------------------+---------+-----+-----+------+-----+---------+

    * Expression: 
    +--------------------------------------+----------+-------+---+-----+------------+------------+
    |             Variable Name            | Operation| DSP48E| FF| LUT | Bitwidth P0| Bitwidth P1|
    +--------------------------------------+----------+-------+---+-----+------------+------------+
    |Lo_assign_fu_3289_p2                  |     +    |      0|  0|    8|           4|           8|
    |i_1_fu_3595_p2                        |     +    |      0|  0|    3|           3|           1|
    |i_2_fu_4054_p2                        |     +    |      0|  0|    2|           2|           1|
    |i_3_fu_4090_p2                        |     +    |      0|  0|    2|           2|           1|
    |i_4_fu_4148_p2                        |     +    |      0|  0|    2|           2|           2|
    |i_V_fu_3315_p2                        |     +    |      0|  0|    8|           5|           8|
    |i_fu_2634_p2                          |     +    |      0|  0|    9|           9|           1|
    |p_Val2_17_fu_3930_p2                  |     +    |      0|  0|   32|          32|           1|
    |p_i0_1_fu_3061_p2                     |     +    |      0|  0|    2|           2|           1|
    |p_i0_2_fu_3214_p2                     |     +    |      0|  0|    2|           2|           1|
    |p_i0_3_fu_3805_p2                     |     +    |      0|  0|    2|           2|           1|
    |p_i0_4_fu_3836_p2                     |     +    |      0|  0|    2|           2|           1|
    |p_i0_5_fu_3867_p2                     |     +    |      0|  0|    2|           2|           1|
    |p_i0_fu_2908_p2                       |     +    |      0|  0|    2|           2|           1|
    |tmp_10_fu_2786_p2                     |     +    |      0|  0|   32|          32|           1|
    |tmp_18_fu_2892_p2                     |     +    |      0|  0|   11|          11|          11|
    |tmp_71_fu_3045_p2                     |     +    |      0|  0|   11|          11|          11|
    |tmp_78_fu_3198_p2                     |     +    |      0|  0|   11|          11|          11|
    |tmp_81_fu_3789_p2                     |     +    |      0|  0|   10|          10|          10|
    |tmp_82_fu_3820_p2                     |     +    |      0|  0|   10|          10|          10|
    |tmp_83_fu_3851_p2                     |     +    |      0|  0|   10|          10|          10|
    |tmp_topic_count_V_1_fu_3677_p2        |     +    |      0|  0|   16|          16|           1|
    |tmp_topic_sum_V_1_fu_3702_p2          |     +    |      0|  0|   32|          32|          32|
    |tmp_topic_tot_sub_V_1_fu_3444_p2      |     +    |      0|  0|    3|           3|           1|
    |tmp_100_fu_3159_p2                    |     -    |      0|  0|    7|           6|           7|
    |tmp_110_fu_3303_p2                    |     -    |      0|  0|    4|           9|           9|
    |tmp_111_fu_3309_p2                    |     -    |      0|  0|    4|           8|           9|
    |tmp_25_fu_3253_p2                     |     -    |      0|  0|    7|           7|           7|
    |tmp_64_fu_2964_p2                     |     -    |      0|  0|    7|           7|           7|
    |tmp_69_fu_2976_p2                     |     -    |      0|  0|    7|           7|           7|
    |tmp_79_fu_3006_p2                     |     -    |      0|  0|    7|           6|           7|
    |tmp_94_fu_3117_p2                     |     -    |      0|  0|    7|           7|           7|
    |tmp_96_fu_3129_p2                     |     -    |      0|  0|    7|           7|           7|
    |ap_condition_3001                     |    and   |      0|  0|    1|           1|           1|
    |ap_condition_3002                     |    and   |      0|  0|    1|           1|           1|
    |ap_condition_3035                     |    and   |      0|  0|    1|           1|           1|
    |ap_condition_4625                     |    and   |      0|  0|    1|           1|           1|
    |ap_condition_4632                     |    and   |      0|  0|    1|           1|           1|
    |ap_condition_4639                     |    and   |      0|  0|    1|           1|           1|
    |grp_nbreadreq_fu_600_p7               |    and   |      0|  0|    1|           1|           0|
    |grp_nbreadreq_fu_659_p7               |    and   |      0|  0|    1|           1|           0|
    |grp_nbreadreq_fu_717_p7               |    and   |      0|  0|    1|           1|           1|
    |grp_nbreadreq_fu_728_p7               |    and   |      0|  0|    1|           1|           1|
    |grp_nbreadreq_fu_776_p7               |    and   |      0|  0|    1|           1|           1|
    |grp_nbreadreq_fu_787_p7               |    and   |      0|  0|    1|           1|           1|
    |merger_host_0_V_dat1_status           |    and   |      0|  0|    1|           1|           1|
    |merger_host_1_V_dat1_status           |    and   |      0|  0|    1|           1|           1|
    |merger_network_0_V_s1_status          |    and   |      0|  0|    1|           1|           1|
    |merger_network_1_V_s1_status          |    and   |      0|  0|    1|           1|           1|
    |p_Result_21_fu_3354_p2                |    and   |      0|  0|  312|         256|         256|
    |sbu2mlx_V_data_V_1_load_A             |    and   |      0|  0|    1|           1|           1|
    |sbu2mlx_V_data_V_1_load_B             |    and   |      0|  0|    1|           1|           1|
    |sbu2mlx_V_id_V_1_load_A               |    and   |      0|  0|    1|           1|           1|
    |sbu2mlx_V_id_V_1_load_B               |    and   |      0|  0|    1|           1|           1|
    |sbu2mlx_V_keep_V_1_load_A             |    and   |      0|  0|    1|           1|           1|
    |sbu2mlx_V_keep_V_1_load_B             |    and   |      0|  0|    1|           1|           1|
    |sbu2mlx_V_last_V_1_load_A             |    and   |      0|  0|    1|           1|           1|
    |sbu2mlx_V_last_V_1_load_B             |    and   |      0|  0|    1|           1|           1|
    |sbu2mlx_V_user_V_1_load_A             |    and   |      0|  0|    1|           1|           1|
    |sbu2mlx_V_user_V_1_load_B             |    and   |      0|  0|    1|           1|           1|
    |sbu2prt_cx_V_data_V_1_load_A          |    and   |      0|  0|    1|           1|           1|
    |sbu2prt_cx_V_data_V_1_load_B          |    and   |      0|  0|    1|           1|           1|
    |sbu2prt_cx_V_id_V_1_load_A            |    and   |      0|  0|    1|           1|           1|
    |sbu2prt_cx_V_id_V_1_load_B            |    and   |      0|  0|    1|           1|           1|
    |sbu2prt_cx_V_keep_V_1_load_A          |    and   |      0|  0|    1|           1|           1|
    |sbu2prt_cx_V_keep_V_1_load_B          |    and   |      0|  0|    1|           1|           1|
    |sbu2prt_cx_V_last_V_1_load_A          |    and   |      0|  0|    1|           1|           1|
    |sbu2prt_cx_V_last_V_1_load_B          |    and   |      0|  0|    1|           1|           1|
    |sbu2prt_cx_V_user_V_1_load_A          |    and   |      0|  0|    1|           1|           1|
    |sbu2prt_cx_V_user_V_1_load_B          |    and   |      0|  0|    1|           1|           1|
    |sbu2prt_nw_V_data_V_1_load_A          |    and   |      0|  0|    1|           1|           1|
    |sbu2prt_nw_V_data_V_1_load_B          |    and   |      0|  0|    1|           1|           1|
    |sbu2prt_nw_V_id_V_1_load_A            |    and   |      0|  0|    1|           1|           1|
    |sbu2prt_nw_V_id_V_1_load_B            |    and   |      0|  0|    1|           1|           1|
    |sbu2prt_nw_V_keep_V_1_load_A          |    and   |      0|  0|    1|           1|           1|
    |sbu2prt_nw_V_keep_V_1_load_B          |    and   |      0|  0|    1|           1|           1|
    |sbu2prt_nw_V_last_V_1_load_A          |    and   |      0|  0|    1|           1|           1|
    |sbu2prt_nw_V_last_V_1_load_B          |    and   |      0|  0|    1|           1|           1|
    |sbu2prt_nw_V_user_V_1_load_A          |    and   |      0|  0|    1|           1|           1|
    |sbu2prt_nw_V_user_V_1_load_B          |    and   |      0|  0|    1|           1|           1|
    |tmp_105_fu_3184_p2                    |    and   |      0|  0|   84|          64|          64|
    |tmp_87_fu_3031_p2                     |    and   |      0|  0|   84|          64|          64|
    |exitcond_i_fu_2628_p2                 |   icmp   |      0|  0|    3|           9|           9|
    |sbu2mlx_V_data_V_1_state_cmp_full     |   icmp   |      0|  0|    1|           2|           1|
    |sbu2mlx_V_id_V_1_state_cmp_full       |   icmp   |      0|  0|    1|           2|           1|
    |sbu2mlx_V_keep_V_1_state_cmp_full     |   icmp   |      0|  0|    1|           2|           1|
    |sbu2mlx_V_last_V_1_state_cmp_full     |   icmp   |      0|  0|    1|           2|           1|
    |sbu2mlx_V_user_V_1_state_cmp_full     |   icmp   |      0|  0|    1|           2|           1|
    |sbu2prt_cx_V_data_V_1_state_cmp_full  |   icmp   |      0|  0|    1|           2|           1|
    |sbu2prt_cx_V_id_V_1_state_cmp_full    |   icmp   |      0|  0|    1|           2|           1|
    |sbu2prt_cx_V_keep_V_1_state_cmp_full  |   icmp   |      0|  0|    1|           2|           1|
    |sbu2prt_cx_V_last_V_1_state_cmp_full  |   icmp   |      0|  0|    1|           2|           1|
    |sbu2prt_cx_V_user_V_1_state_cmp_full  |   icmp   |      0|  0|    1|           2|           1|
    |sbu2prt_nw_V_data_V_1_state_cmp_full  |   icmp   |      0|  0|    1|           2|           1|
    |sbu2prt_nw_V_id_V_1_state_cmp_full    |   icmp   |      0|  0|    1|           2|           1|
    |sbu2prt_nw_V_keep_V_1_state_cmp_full  |   icmp   |      0|  0|    1|           2|           1|
    |sbu2prt_nw_V_last_V_1_state_cmp_full  |   icmp   |      0|  0|    1|           2|           1|
    |sbu2prt_nw_V_user_V_1_state_cmp_full  |   icmp   |      0|  0|    1|           2|           1|
    |tmp_11_fu_2834_p2                     |   icmp   |      0|  0|    3|           8|           5|
    |tmp_12_fu_3283_p2                     |   icmp   |      0|  0|    3|           8|           7|
    |tmp_15_fu_3208_p2                     |   icmp   |      0|  0|    2|           2|           3|
    |tmp_20_fu_3326_p2                     |   icmp   |      0|  0|    3|           8|           7|
    |tmp_23_fu_3549_p2                     |   icmp   |      0|  0|    6|          16|           6|
    |tmp_24_fu_3554_p2                     |   icmp   |      0|  0|    6|          16|           6|
    |tmp_2_fu_2902_p2                      |   icmp   |      0|  0|    2|           2|           3|
    |tmp_30_fu_2941_p2                     |   icmp   |      0|  0|    3|           6|           6|
    |tmp_31_fu_3589_p2                     |   icmp   |      0|  0|    2|           3|           3|
    |tmp_37_fu_3682_p2                     |   icmp   |      0|  0|    6|          16|          16|
    |tmp_38_fu_3692_p2                     |   icmp   |      0|  0|    6|          16|          16|
    |tmp_44_fu_3799_p2                     |   icmp   |      0|  0|    2|           2|           3|
    |tmp_45_fu_3830_p2                     |   icmp   |      0|  0|    2|           2|           3|
    |tmp_46_fu_3861_p2                     |   icmp   |      0|  0|    2|           2|           3|
    |tmp_49_fu_3976_p2                     |   icmp   |      0|  0|    6|          16|          12|
    |tmp_50_fu_3992_p2                     |   icmp   |      0|  0|    3|           8|           5|
    |tmp_51_fu_3946_p2                     |   icmp   |      0|  0|    6|          16|          13|
    |tmp_8_fu_2818_p2                      |   icmp   |      0|  0|    6|          16|          12|
    |tmp_90_fu_3094_p2                     |   icmp   |      0|  0|    3|           6|           6|
    |tmp_s_fu_3055_p2                      |   icmp   |      0|  0|    2|           2|           3|
    |tmp_103_fu_3169_p2                    |   lshr   |      0|  0|  214|          64|          64|
    |tmp_104_fu_3178_p2                    |   lshr   |      0|  0|  214|           2|          64|
    |tmp_114_fu_3343_p2                    |   lshr   |      0|  0|  976|         256|         256|
    |tmp_115_fu_3348_p2                    |   lshr   |      0|  0|  976|           2|         256|
    |tmp_120_fu_3263_p2                    |   lshr   |      0|  0|  341|          96|          96|
    |tmp_85_fu_3016_p2                     |   lshr   |      0|  0|  214|          64|          64|
    |tmp_86_fu_3025_p2                     |   lshr   |      0|  0|  214|           2|          64|
    |ap_condition_1465                     |    or    |      0|  0|    1|           1|           1|
    |ap_condition_1487                     |    or    |      0|  0|    1|           1|           1|
    |ap_condition_1510                     |    or    |      0|  0|    1|           1|           1|
    |ap_condition_1533                     |    or    |      0|  0|    1|           1|           1|
    |ap_condition_1583                     |    or    |      0|  0|    1|           1|           1|
    |ap_condition_1605                     |    or    |      0|  0|    1|           1|           1|
    |ap_condition_1677                     |    or    |      0|  0|    1|           1|           1|
    |ap_condition_2076                     |    or    |      0|  0|    1|           1|           1|
    |ap_condition_2116                     |    or    |      0|  0|    1|           1|           1|
    |ap_condition_2137                     |    or    |      0|  0|    1|           1|           1|
    |ap_condition_2504                     |    or    |      0|  0|    1|           1|           1|
    |ap_condition_4254                     |    or    |      0|  0|    1|           1|           1|
    |mergeState_flag_s_fu_4112_p2          |    or    |      0|  0|    1|           1|           1|
    |or_cond_i_fu_3559_p2                  |    or    |      0|  0|    1|           1|           1|
    |p_mergeState_flag_3_fu_4070_p2        |    or    |      0|  0|    1|           1|           1|
    |tmp_14_fu_3088_p2                     |    or    |      0|  0|    8|           6|           5|
    |tmp_6_fu_2935_p2                      |    or    |      0|  0|    8|           6|           5|
    |tmp_76_fu_3385_p2                     |    or    |      0|  0|   13|           9|           1|
    |p_Val2_s_fu_3952_p3                   |  select  |      0|  0|   32|           1|           1|
    |r_V_4_tmp_topic_7_fu_3686_p3          |  select  |      0|  0|   16|           1|          16|
    |tmp_70_fu_2982_p3                     |  select  |      0|  0|    7|           1|           7|
    |tmp_72_fu_2990_p3                     |  select  |      0|  0|   64|           1|          64|
    |tmp_73_fu_2998_p3                     |  select  |      0|  0|    7|           1|           7|
    |tmp_97_fu_3135_p3                     |  select  |      0|  0|    7|           1|           7|
    |tmp_98_fu_3143_p3                     |  select  |      0|  0|   64|           1|          64|
    |tmp_99_fu_3151_p3                     |  select  |      0|  0|    7|           1|           7|
    |tmp_topic_min_V_2_fu_3696_p3          |  select  |      0|  0|   16|           1|          16|
    |hash_V_fu_3364_p2                     |    xor   |      0|  0|   12|           8|           8|
    |not_tmp_last_V_1_fu_4106_p2           |    xor   |      0|  0|    2|           1|           2|
    |not_tmp_last_V_s_fu_4076_p2           |    xor   |      0|  0|    2|           1|           2|
    |tmp_68_fu_2970_p2                     |    xor   |      0|  0|   10|           7|           6|
    |tmp_95_fu_3123_p2                     |    xor   |      0|  0|   10|           7|           6|
    +--------------------------------------+----------+-------+---+-----+------------+------------+
    |Total                                 |          |      0|  0| 4349|        1476|        1887|
    +--------------------------------------+----------+-------+---+-----+------------+------------+

    * Multiplexer: 
    +---------------------------------+-----+-----------+-----+-----------+
    |               Name              | LUT | Input Size| Bits| Total Bits|
    +---------------------------------+-----+-----------+-----+-----------+
    |DetectState                      |    2|          3|    2|          6|
    |DetectState_1                    |    2|          2|    2|          4|
    |P_s_fu_592                       |   32|          2|   32|         64|
    |ap_NS_fsm                        |  217|         96|    1|         96|
    |grp_fu_2311_opcode               |    2|          3|    2|          6|
    |grp_fu_2311_p0                   |   32|          3|   32|         96|
    |grp_fu_2311_p1                   |   32|          4|   32|        128|
    |i2_0_i_reg_1543                  |    3|          2|    3|          6|
    |i_0_i_reg_1476                   |    9|          2|    9|         18|
    |i_op_assign_1_fu_596             |   32|          2|   32|         64|
    |mergeState_flag_6_reg_2104       |    1|          4|    1|          4|
    |mergeState_new_6_reg_2119        |    1|          4|    1|          4|
    |merger_host_1_V_dat_din          |  256|          4|  256|       1024|
    |merger_host_1_V_id_s_din         |    3|          3|    3|          9|
    |merger_host_1_V_kee_din          |   32|          3|   32|         96|
    |merger_host_1_V_las_din          |    1|          3|    1|          3|
    |merger_host_1_V_use_din          |   12|          3|   12|         36|
    |merger_network_0_V_1_din         |   32|          4|   32|        128|
    |merger_network_0_V_2_din         |    1|          4|    1|          4|
    |merger_network_0_V_3_din         |    3|          4|    3|         12|
    |merger_network_0_V_4_din         |   12|          4|   12|         48|
    |merger_network_0_V_s_din         |  256|          4|  256|       1024|
    |merger_network_1_V_1_din         |   32|          3|   32|         96|
    |merger_network_1_V_2_din         |    1|          3|    1|          3|
    |merger_network_1_V_3_din         |    3|          3|    3|          9|
    |merger_network_1_V_4_din         |   12|          3|   12|         36|
    |merger_network_1_V_s_din         |  256|          3|  256|        768|
    |p_0727_0_i_reg_1520              |    8|          2|    8|         16|
    |p_Val2_3_fu_584                  |  256|          2|  256|        512|
    |p_Val2_4_fu_588                  |  256|          2|  256|        512|
    |p_i01_0_i1208_i_reg_1498         |    2|          2|    2|          4|
    |p_i01_0_i_i_reg_1694             |    2|          2|    2|          4|
    |p_i02_0_i1210_i_reg_1509         |    2|          2|    2|          4|
    |p_i02_0_i_i_reg_1705             |    2|          2|    2|          4|
    |p_i0_0_i1207_i_reg_1487          |    2|          2|    2|          4|
    |p_i0_0_i_i_reg_1683              |    2|          2|    2|          4|
    |prev_buff_data_V                 |  256|          2|  256|        512|
    |prt_cx2sbu_TDATA_blk_n           |    1|          2|    1|          2|
    |prt_nw2sbu_TDATA_blk_n           |    1|          2|    1|          2|
    |r_V_3_reg_1531                   |    8|          2|    8|         16|
    |reply_1_loc_reg_1716             |    1|          2|    1|          2|
    |ret_V_fu_556                     |  176|          2|  176|        352|
    |sbu2mlx_V_data_V_1_data_out      |  256|          2|  256|        512|
    |sbu2mlx_V_data_V_1_state         |    2|          3|    2|          6|
    |sbu2mlx_V_id_V_1_data_out        |    3|          2|    3|          6|
    |sbu2mlx_V_id_V_1_state           |    2|          3|    2|          6|
    |sbu2mlx_V_keep_V_1_data_out      |   32|          2|   32|         64|
    |sbu2mlx_V_keep_V_1_state         |    2|          3|    2|          6|
    |sbu2mlx_V_last_V_1_data_out      |    1|          2|    1|          2|
    |sbu2mlx_V_last_V_1_state         |    2|          3|    2|          6|
    |sbu2mlx_V_user_V_1_data_out      |   12|          2|   12|         24|
    |sbu2mlx_V_user_V_1_state         |    2|          3|    2|          6|
    |sbu2prt_cx_TDATA_blk_n           |    1|          2|    1|          2|
    |sbu2prt_cx_V_data_V_1_data_in    |  256|          3|  256|        768|
    |sbu2prt_cx_V_data_V_1_data_out   |  256|          2|  256|        512|
    |sbu2prt_cx_V_data_V_1_state      |    2|          3|    2|          6|
    |sbu2prt_cx_V_id_V_1_data_in      |    3|          3|    3|          9|
    |sbu2prt_cx_V_id_V_1_data_out     |    3|          2|    3|          6|
    |sbu2prt_cx_V_id_V_1_state        |    2|          3|    2|          6|
    |sbu2prt_cx_V_keep_V_1_data_in    |   32|          3|   32|         96|
    |sbu2prt_cx_V_keep_V_1_data_out   |   32|          2|   32|         64|
    |sbu2prt_cx_V_keep_V_1_state      |    2|          3|    2|          6|
    |sbu2prt_cx_V_last_V_1_data_in    |    1|          3|    1|          3|
    |sbu2prt_cx_V_last_V_1_data_out   |    1|          2|    1|          2|
    |sbu2prt_cx_V_last_V_1_state      |    2|          3|    2|          6|
    |sbu2prt_cx_V_user_V_1_data_in    |   12|          3|   12|         36|
    |sbu2prt_cx_V_user_V_1_data_out   |   12|          2|   12|         24|
    |sbu2prt_cx_V_user_V_1_state      |    2|          3|    2|          6|
    |sbu2prt_nw_TDATA_blk_n           |    1|          2|    1|          2|
    |sbu2prt_nw_V_data_V_1_data_in    |  256|          5|  256|       1280|
    |sbu2prt_nw_V_data_V_1_data_out   |  256|          2|  256|        512|
    |sbu2prt_nw_V_data_V_1_state      |    2|          3|    2|          6|
    |sbu2prt_nw_V_id_V_1_data_in      |    3|          5|    3|         15|
    |sbu2prt_nw_V_id_V_1_data_out     |    3|          2|    3|          6|
    |sbu2prt_nw_V_id_V_1_state        |    2|          3|    2|          6|
    |sbu2prt_nw_V_keep_V_1_data_in    |   32|          5|   32|        160|
    |sbu2prt_nw_V_keep_V_1_data_out   |   32|          2|   32|         64|
    |sbu2prt_nw_V_keep_V_1_state      |    2|          3|    2|          6|
    |sbu2prt_nw_V_last_V_1_data_in    |    1|          5|    1|          5|
    |sbu2prt_nw_V_last_V_1_data_out   |    1|          2|    1|          2|
    |sbu2prt_nw_V_last_V_1_state      |    2|          3|    2|          6|
    |sbu2prt_nw_V_user_V_1_data_in    |   12|          5|   12|         60|
    |sbu2prt_nw_V_user_V_1_data_out   |   12|          2|   12|         24|
    |sbu2prt_nw_V_user_V_1_state      |    2|          3|    2|          6|
    |storemerge_i8_reg_1738           |    2|          2|    2|          4|
    |streamSource_V_1                 |    2|          2|    2|          4|
    |streamSource_V_1_loc_1_reg_1929  |    1|          2|    1|          2|
    |streamSource_V_1_loc_reg_1901    |    1|          2|    1|          2|
    |t_V_1_fu_560                     |   16|          2|   16|         32|
    |tmp_41_reg_1656                  |    1|          2|    1|          2|
    |tmp_43_reg_1671                  |    3|          2|    3|          6|
    |tmp_54_reg_1832                  |    1|          2|    1|          2|
    |tmp_57_reg_1763                  |    1|          2|    1|          2|
    |tmp_60_reg_1940                  |    1|          2|    1|          2|
    |tmp_62_reg_2035                  |    1|          2|    1|          2|
    |tmp_65_reg_2217                  |    1|          2|    1|          2|
    |tmp_67_reg_2148                  |    1|          2|    1|          2|
    |tmp_data_V_12_reg_1889           |  256|          2|  256|        512|
    |tmp_data_V_15_reg_1820           |  256|          2|  256|        512|
    |tmp_data_V_18_reg_1997           |  256|          2|  256|        512|
    |tmp_data_V_21_reg_2092           |  256|          2|  256|        512|
    |tmp_data_V_24_reg_2275           |  256|          2|  256|        512|
    |tmp_data_V_27_reg_2205           |  256|          2|  256|        512|
    |tmp_data_V_3_reg_1643            |  256|          3|  256|        768|
    |tmp_data_V_9_reg_1727            |  256|          2|  256|        512|
    |tmp_id_V_12_reg_1853             |    3|          2|    3|          6|
    |tmp_id_V_15_reg_1784             |    3|          2|    3|          6|
    |tmp_id_V_18_reg_1961             |    3|          2|    3|          6|
    |tmp_id_V_21_reg_2056             |    3|          2|    3|          6|
    |tmp_id_V_24_reg_2239             |    3|          2|    3|          6|
    |tmp_id_V_27_reg_2169             |    3|          2|    3|          6|
    |tmp_keep_V_12_reg_1877           |   32|          2|   32|         64|
    |tmp_keep_V_15_reg_1808           |   32|          2|   32|         64|
    |tmp_keep_V_18_reg_1985           |   32|          2|   32|         64|
    |tmp_keep_V_21_reg_2080           |   32|          2|   32|         64|
    |tmp_keep_V_24_reg_2263           |   32|          2|   32|         64|
    |tmp_keep_V_27_reg_2193           |   32|          2|   32|         64|
    |tmp_last_V_11_reg_1865           |    1|          2|    1|          2|
    |tmp_last_V_14_reg_1796           |    1|          2|    1|          2|
    |tmp_last_V_17_reg_1973           |    1|          2|    1|          2|
    |tmp_last_V_20_reg_2068           |    1|          2|    1|          2|
    |tmp_last_V_23_reg_2251           |    1|          2|    1|          2|
    |tmp_last_V_26_reg_2181           |    1|          2|    1|          2|
    |tmp_topic_0_2_reg_1631           |  176|          3|  176|        528|
    |tmp_topic_11_0_2_reg_1567        |   32|          3|   32|         96|
    |tmp_topic_11_1_2_reg_1554        |   32|          3|   32|         96|
    |tmp_topic_2_2_reg_1619           |   16|          3|   16|         48|
    |tmp_topic_7_3_reg_1606           |   16|          3|   16|         48|
    |tmp_topic_8_3_reg_1593           |   16|          3|   16|         48|
    |tmp_topic_9_2_reg_1580           |   32|          3|   32|         96|
    |tmp_topic_exec_address0          |    3|          4|    3|         12|
    |tmp_topic_exec_address1          |    3|          4|    3|         12|
    |tmp_topic_exec_d0                |    3|          4|    3|         12|
    |tmp_topic_exec_d1                |    3|          3|    3|          9|
    |tmp_topic_klm_p_2_fu_580         |   32|          2|   32|         64|
    |tmp_topic_klm_x_hat_2_fu_576     |   32|          2|   32|         64|
    |tmp_topic_max_V_1_fu_568         |   16|          2|   16|         32|
    |tmp_topic_min_V_1_fu_564         |   16|          2|   16|         32|
    |tmp_topic_sub_ip_des_address0    |    1|          3|    1|          3|
    |tmp_topic_sub_ip_des_address1    |    1|          3|    1|          3|
    |tmp_topic_sub_ip_des_d0          |   32|          3|   32|         96|
    |tmp_topic_sub_ip_src_address0    |    1|          3|    1|          3|
    |tmp_topic_sub_ip_src_address1    |    1|          3|    1|          3|
    |tmp_topic_sub_ip_src_d0          |   32|          3|   32|         96|
    |tmp_topic_sub_mac_V_address0     |    1|          3|    1|          3|
    |tmp_topic_sub_mac_V_address1     |    1|          3|    1|          3|
    |tmp_topic_sub_mac_V_d0           |   48|          3|   48|        144|
    |tmp_topic_sum_V_2_fu_572         |   32|          2|   32|         64|
    |tmp_user_V_12_reg_1841           |   12|          2|   12|         24|
    |tmp_user_V_15_reg_1772           |   12|          2|   12|         24|
    |tmp_user_V_18_reg_1949           |   12|          2|   12|         24|
    |tmp_user_V_21_reg_2044           |   12|          2|   12|         24|
    |tmp_user_V_24_reg_2227           |   12|          2|   12|         24|
    |tmp_user_V_27_reg_2157           |   12|          2|   12|         24|
    |topics_avg_V_address0            |    9|          4|    9|         36|
    |topics_avg_V_d0                  |    2|          3|    2|          6|
    |topics_count_V_address0          |    9|          4|    9|         36|
    |topics_count_V_d0                |   16|          3|   16|         48|
    |topics_data_V_address0           |    9|          4|    9|         36|
    |topics_data_V_d0                 |  176|          3|  176|        528|
    |topics_exec_0_address0           |    9|          4|    9|         36|
    |topics_exec_0_d0                 |    2|          3|    2|          6|
    |topics_exec_1_address0           |    9|          4|    9|         36|
    |topics_exec_1_d0                 |    2|          3|    2|          6|
    |topics_exec_2_address0           |    9|          4|    9|         36|
    |topics_exec_2_d0                 |    3|          3|    3|          9|
    |topics_exec_3_address0           |    9|          4|    9|         36|
    |topics_exec_3_d0                 |    3|          3|    3|          9|
    |topics_exec_4_address0           |    9|          4|    9|         36|
    |topics_exec_4_d0                 |    3|          3|    3|          9|
    |topics_klm_p_address0            |    9|          4|    9|         36|
    |topics_klm_p_d0                  |   32|          3|   32|         96|
    |topics_klm_r_V_address0          |    9|          4|    9|         36|
    |topics_klm_r_V_d0                |    2|          3|    2|          6|
    |topics_klm_x_hat_address0        |    9|          4|    9|         36|
    |topics_klm_x_hat_d0              |   32|          3|   32|         96|
    |topics_klm_x_prev_V_address0     |    9|          4|    9|         36|
    |topics_klm_x_prev_V_d0           |   16|          3|   16|         48|
    |topics_max_V_address0            |    9|          4|    9|         36|
    |topics_max_V_d0                  |   16|          3|   16|         48|
    |topics_min_V_address0            |    9|          4|    9|         36|
    |topics_min_V_d0                  |   16|          3|   16|         48|
    |topics_sub_ip_dest_V_address0    |   10|          3|   10|         30|
    |topics_sub_ip_dest_V_address1    |   10|          3|   10|         30|
    |topics_sub_ip_src_V_address0     |   10|          3|   10|         30|
    |topics_sub_ip_src_V_address1     |   10|          3|   10|         30|
    |topics_sub_mac_V_address0        |   10|          3|   10|         30|
    |topics_sub_mac_V_address1        |   10|          3|   10|         30|
    |topics_sum_V_address0            |    9|          4|    9|         36|
    |topics_sum_V_d0                  |   32|          3|   32|         96|
    |topics_tot_sub_V_address0        |    9|          4|    9|         36|
    |topics_tot_sub_V_d0              |    3|          3|    3|          9|
    |topics_vld_address0              |    9|          4|    9|         36|
    |topics_vld_d0                    |    1|          3|    1|          3|
    |val_assign_1_reg_2023            |    2|          2|    2|          4|
    |val_assign_2_reg_2136            |    2|          2|    2|          4|
    |val_assign_reg_1751              |    2|          2|    2|          4|
    +---------------------------------+-----+-----------+-----+-----------+
    |Total                            | 7326|        634| 7110|      18574|
    +---------------------------------+-----+-----------+-----+-----------+

    * Register: 
    +-------------------------------------------------+-----+----+-----+-----------+
    |                       Name                      |  FF | LUT| Bits| Const Bits|
    +-------------------------------------------------+-----+----+-----+-----------+
    |DetectExecState_reg_4971                         |    3|   0|    3|          0|
    |DetectState                                      |    2|   0|    2|          0|
    |DetectState_1                                    |    2|   0|    2|          0|
    |DetectState_1_load_reg_5069                      |    2|   0|    2|          0|
    |DetectState_load_reg_4359                        |    2|   0|    2|          0|
    |K_s_reg_4993                                     |   32|   0|   32|          0|
    |Lo_assign_reg_4490                               |    8|   0|    8|          0|
    |P_s_fu_592                                       |   32|   0|   32|          0|
    |ap_CS_fsm                                        |   95|   0|   95|          0|
    |ap_done_reg                                      |    1|   0|    1|          0|
    |ap_reg_grp_axi_stream_pass_alt_fu_2287_ap_start  |    1|   0|    1|          0|
    |count_V                                          |   32|   0|   32|          0|
    |count_V_1                                        |   32|   0|   32|          0|
    |i2_0_i_reg_1543                                  |    3|   0|    3|          0|
    |i_0_i_reg_1476                                   |    9|   0|    9|          0|
    |i_1_reg_4961                                     |    3|   0|    3|          0|
    |i_2_reg_5153                                     |    2|   0|    2|          0|
    |i_3_reg_5232                                     |    2|   0|    2|          0|
    |i_V_reg_4500                                     |    8|   0|    8|          0|
    |i_op_assign_1_fu_596                             |   32|   0|   32|          0|
    |i_reg_4319                                       |    9|   0|    9|          0|
    |init                                             |    1|   0|    1|          0|
    |init_load_reg_4312                               |    1|   0|    1|          0|
    |mergeState                                       |    1|   0|    1|          0|
    |mergeState_1                                     |    1|   0|    1|          0|
    |mergeState_1_load_reg_5271                       |    1|   0|    1|          0|
    |mergeState_flag_3_reg_1915                       |    1|   0|    1|          0|
    |mergeState_flag_6_reg_2104                       |    1|   0|    1|          0|
    |mergeState_flag_reg_2009                         |    1|   0|    1|          0|
    |mergeState_load_reg_5134                         |    1|   0|    1|          0|
    |mergeState_new_6_reg_2119                        |    1|   0|    1|          0|
    |or_cond_i_reg_4894                               |    1|   0|    1|          0|
    |p_0397_0_i_0_reg_4858                            |    8|   0|    8|          0|
    |p_0397_0_i_1_reg_4863                            |    8|   0|    8|          0|
    |p_0727_0_i_reg_1520                              |    8|   0|    8|          0|
    |p_Result_17_reg_4401                             |  256|   0|  256|          0|
    |p_Val2_20_reg_4903                               |  176|   0|  176|          0|
    |p_Val2_3_fu_584                                  |  256|   0|  256|          0|
    |p_Val2_4_fu_588                                  |  256|   0|  256|          0|
    |p_Val2_7_reg_4640                                |   32|   0|   32|          0|
    |p_Val2_8_reg_4952                                |  256|   0|  256|          0|
    |p_i01_0_i1208_i_reg_1498                         |    2|   0|    2|          0|
    |p_i01_0_i_i_reg_1694                             |    2|   0|    2|          0|
    |p_i02_0_i1210_i_reg_1509                         |    2|   0|    2|          0|
    |p_i02_0_i_i_reg_1705                             |    2|   0|    2|          0|
    |p_i0_0_i1207_i_reg_1487                          |    2|   0|    2|          0|
    |p_i0_0_i_i_reg_1683                              |    2|   0|    2|          0|
    |p_i0_1_reg_4454                                  |    2|   0|    2|          0|
    |p_i0_2_reg_4477                                  |    2|   0|    2|          0|
    |p_i0_3_reg_5023                                  |    2|   0|    2|          0|
    |p_i0_4_reg_5041                                  |    2|   0|    2|          0|
    |p_i0_5_reg_5059                                  |    2|   0|    2|          0|
    |p_i0_reg_4431                                    |    2|   0|    2|          0|
    |prev_buff_data_V                                 |  256|   0|  256|          0|
    |prev_buff_id_V                                   |    3|   0|    3|          0|
    |prev_buff_keep_V                                 |   32|   0|   32|          0|
    |prev_buff_last_V                                 |    1|   0|    1|          0|
    |prev_buff_user_V                                 |   12|   0|   12|          0|
    |r_V_3_reg_1531                                   |    8|   0|    8|          0|
    |reg_2506                                         |   32|   0|   32|          0|
    |reply                                            |    1|   0|    1|          0|
    |reply_1                                          |    1|   0|    1|          0|
    |reply_1_loc_reg_1716                             |    1|   0|    1|          0|
    |ret_V_fu_556                                     |  176|   0|  176|          0|
    |sbu2mlx_V_data_V_1_payload_A                     |  256|   0|  256|          0|
    |sbu2mlx_V_data_V_1_payload_B                     |  256|   0|  256|          0|
    |sbu2mlx_V_data_V_1_sel_rd                        |    1|   0|    1|          0|
    |sbu2mlx_V_data_V_1_sel_wr                        |    1|   0|    1|          0|
    |sbu2mlx_V_data_V_1_state                         |    2|   0|    2|          0|
    |sbu2mlx_V_id_V_1_payload_A                       |    3|   0|    3|          0|
    |sbu2mlx_V_id_V_1_payload_B                       |    3|   0|    3|          0|
    |sbu2mlx_V_id_V_1_sel_rd                          |    1|   0|    1|          0|
    |sbu2mlx_V_id_V_1_sel_wr                          |    1|   0|    1|          0|
    |sbu2mlx_V_id_V_1_state                           |    2|   0|    2|          0|
    |sbu2mlx_V_keep_V_1_payload_A                     |   32|   0|   32|          0|
    |sbu2mlx_V_keep_V_1_payload_B                     |   32|   0|   32|          0|
    |sbu2mlx_V_keep_V_1_sel_rd                        |    1|   0|    1|          0|
    |sbu2mlx_V_keep_V_1_sel_wr                        |    1|   0|    1|          0|
    |sbu2mlx_V_keep_V_1_state                         |    2|   0|    2|          0|
    |sbu2mlx_V_last_V_1_payload_A                     |    1|   0|    1|          0|
    |sbu2mlx_V_last_V_1_payload_B                     |    1|   0|    1|          0|
    |sbu2mlx_V_last_V_1_sel_rd                        |    1|   0|    1|          0|
    |sbu2mlx_V_last_V_1_sel_wr                        |    1|   0|    1|          0|
    |sbu2mlx_V_last_V_1_state                         |    2|   0|    2|          0|
    |sbu2mlx_V_user_V_1_payload_A                     |   12|   0|   12|          0|
    |sbu2mlx_V_user_V_1_payload_B                     |   12|   0|   12|          0|
    |sbu2mlx_V_user_V_1_sel_rd                        |    1|   0|    1|          0|
    |sbu2mlx_V_user_V_1_sel_wr                        |    1|   0|    1|          0|
    |sbu2mlx_V_user_V_1_state                         |    2|   0|    2|          0|
    |sbu2prt_cx_V_data_V_1_payload_A                  |  256|   0|  256|          0|
    |sbu2prt_cx_V_data_V_1_payload_B                  |  256|   0|  256|          0|
    |sbu2prt_cx_V_data_V_1_sel_rd                     |    1|   0|    1|          0|
    |sbu2prt_cx_V_data_V_1_sel_wr                     |    1|   0|    1|          0|
    |sbu2prt_cx_V_data_V_1_state                      |    2|   0|    2|          0|
    |sbu2prt_cx_V_id_V_1_payload_A                    |    3|   0|    3|          0|
    |sbu2prt_cx_V_id_V_1_payload_B                    |    3|   0|    3|          0|
    |sbu2prt_cx_V_id_V_1_sel_rd                       |    1|   0|    1|          0|
    |sbu2prt_cx_V_id_V_1_sel_wr                       |    1|   0|    1|          0|
    |sbu2prt_cx_V_id_V_1_state                        |    2|   0|    2|          0|
    |sbu2prt_cx_V_keep_V_1_payload_A                  |   32|   0|   32|          0|
    |sbu2prt_cx_V_keep_V_1_payload_B                  |   32|   0|   32|          0|
    |sbu2prt_cx_V_keep_V_1_sel_rd                     |    1|   0|    1|          0|
    |sbu2prt_cx_V_keep_V_1_sel_wr                     |    1|   0|    1|          0|
    |sbu2prt_cx_V_keep_V_1_state                      |    2|   0|    2|          0|
    |sbu2prt_cx_V_last_V_1_payload_A                  |    1|   0|    1|          0|
    |sbu2prt_cx_V_last_V_1_payload_B                  |    1|   0|    1|          0|
    |sbu2prt_cx_V_last_V_1_sel_rd                     |    1|   0|    1|          0|
    |sbu2prt_cx_V_last_V_1_sel_wr                     |    1|   0|    1|          0|
    |sbu2prt_cx_V_last_V_1_state                      |    2|   0|    2|          0|
    |sbu2prt_cx_V_user_V_1_payload_A                  |   12|   0|   12|          0|
    |sbu2prt_cx_V_user_V_1_payload_B                  |   12|   0|   12|          0|
    |sbu2prt_cx_V_user_V_1_sel_rd                     |    1|   0|    1|          0|
    |sbu2prt_cx_V_user_V_1_sel_wr                     |    1|   0|    1|          0|
    |sbu2prt_cx_V_user_V_1_state                      |    2|   0|    2|          0|
    |sbu2prt_nw_V_data_V_1_payload_A                  |  256|   0|  256|          0|
    |sbu2prt_nw_V_data_V_1_payload_B                  |  256|   0|  256|          0|
    |sbu2prt_nw_V_data_V_1_sel_rd                     |    1|   0|    1|          0|
    |sbu2prt_nw_V_data_V_1_sel_wr                     |    1|   0|    1|          0|
    |sbu2prt_nw_V_data_V_1_state                      |    2|   0|    2|          0|
    |sbu2prt_nw_V_id_V_1_payload_A                    |    3|   0|    3|          0|
    |sbu2prt_nw_V_id_V_1_payload_B                    |    3|   0|    3|          0|
    |sbu2prt_nw_V_id_V_1_sel_rd                       |    1|   0|    1|          0|
    |sbu2prt_nw_V_id_V_1_sel_wr                       |    1|   0|    1|          0|
    |sbu2prt_nw_V_id_V_1_state                        |    2|   0|    2|          0|
    |sbu2prt_nw_V_keep_V_1_payload_A                  |   32|   0|   32|          0|
    |sbu2prt_nw_V_keep_V_1_payload_B                  |   32|   0|   32|          0|
    |sbu2prt_nw_V_keep_V_1_sel_rd                     |    1|   0|    1|          0|
    |sbu2prt_nw_V_keep_V_1_sel_wr                     |    1|   0|    1|          0|
    |sbu2prt_nw_V_keep_V_1_state                      |    2|   0|    2|          0|
    |sbu2prt_nw_V_last_V_1_payload_A                  |    1|   0|    1|          0|
    |sbu2prt_nw_V_last_V_1_payload_B                  |    1|   0|    1|          0|
    |sbu2prt_nw_V_last_V_1_sel_rd                     |    1|   0|    1|          0|
    |sbu2prt_nw_V_last_V_1_sel_wr                     |    1|   0|    1|          0|
    |sbu2prt_nw_V_last_V_1_state                      |    2|   0|    2|          0|
    |sbu2prt_nw_V_user_V_1_payload_A                  |   12|   0|   12|          0|
    |sbu2prt_nw_V_user_V_1_payload_B                  |   12|   0|   12|          0|
    |sbu2prt_nw_V_user_V_1_sel_rd                     |    1|   0|    1|          0|
    |sbu2prt_nw_V_user_V_1_sel_wr                     |    1|   0|    1|          0|
    |sbu2prt_nw_V_user_V_1_state                      |    2|   0|    2|          0|
    |storemerge_i8_reg_1738                           |    2|   0|    2|          0|
    |streamSource_V                                   |    2|   0|    2|          0|
    |streamSource_V_1                                 |    2|   0|    2|          0|
    |streamSource_V_1_loc_1_reg_1929                  |    1|   0|    1|          0|
    |streamSource_V_1_loc_reg_1901                    |    1|   0|    1|          0|
    |t_V_1_fu_560                                     |   16|   0|   16|          0|
    |t_V_3_reg_4910                                   |   16|   0|   16|          0|
    |tmp_100_reg_4459                                 |    6|   0|    7|          1|
    |tmp_103_reg_4464                                 |   64|   0|   64|          0|
    |tmp_111_reg_4495                                 |    9|   0|    9|          0|
    |tmp_121_reg_4482                                 |   48|   0|   48|          0|
    |tmp_123_reg_5138                                 |    1|   0|    1|          0|
    |tmp_125_reg_5158                                 |    1|   0|    1|          0|
    |tmp_127_reg_5237                                 |    1|   0|    1|          0|
    |tmp_128_reg_5275                                 |    1|   0|    1|          0|
    |tmp_129_reg_5289                                 |    1|   0|    1|          0|
    |tmp_130_reg_5293                                 |    1|   0|    1|          0|
    |tmp_19_reg_4505                                  |    8|   0|   64|         56|
    |tmp_20_reg_4530                                  |    1|   0|    1|          0|
    |tmp_21_reg_4878                                  |   16|   0|   32|         16|
    |tmp_22_reg_4889                                  |   32|   0|   32|          0|
    |tmp_28_reg_4898                                  |   32|   0|   32|          0|
    |tmp_35_reg_4999                                  |   32|   0|   32|          0|
    |tmp_36_reg_5004                                  |   32|   0|   32|          0|
    |tmp_41_reg_1656                                  |    1|   0|    1|          0|
    |tmp_42_reg_5090                                  |    1|   0|    1|          0|
    |tmp_43_reg_1671                                  |    3|   0|    3|          0|
    |tmp_4_reg_4372                                   |    1|   0|    1|          0|
    |tmp_54_reg_1832                                  |    1|   0|    1|          0|
    |tmp_57_reg_1763                                  |    1|   0|    1|          0|
    |tmp_60_reg_1940                                  |    1|   0|    1|          0|
    |tmp_62_reg_2035                                  |    1|   0|    1|          0|
    |tmp_65_reg_2217                                  |    1|   0|    1|          0|
    |tmp_67_reg_2148                                  |    1|   0|    1|          0|
    |tmp_68_cast_reg_4352                             |    9|   0|   11|          2|
    |tmp_74_reg_4555                                  |    8|   0|    9|          1|
    |tmp_75_cast_reg_4713                             |    8|   0|   10|          2|
    |tmp_79_reg_4436                                  |    6|   0|    7|          1|
    |tmp_85_reg_4441                                  |   64|   0|   64|          0|
    |tmp_data_V_12_reg_1889                           |  256|   0|  256|          0|
    |tmp_data_V_15_reg_1820                           |  256|   0|  256|          0|
    |tmp_data_V_18_reg_1997                           |  256|   0|  256|          0|
    |tmp_data_V_21_reg_2092                           |  256|   0|  256|          0|
    |tmp_data_V_24_reg_2275                           |  256|   0|  256|          0|
    |tmp_data_V_27_reg_2205                           |  256|   0|  256|          0|
    |tmp_data_V_28_reg_4376                           |  256|   0|  256|          0|
    |tmp_data_V_3_reg_1643                            |  256|   0|  256|          0|
    |tmp_data_V_9_reg_1727                            |  256|   0|  256|          0|
    |tmp_id_V_12_reg_1853                             |    3|   0|    3|          0|
    |tmp_id_V_15_reg_1784                             |    3|   0|    3|          0|
    |tmp_id_V_18_reg_1961                             |    3|   0|    3|          0|
    |tmp_id_V_21_reg_2056                             |    3|   0|    3|          0|
    |tmp_id_V_24_reg_2239                             |    3|   0|    3|          0|
    |tmp_id_V_27_reg_2169                             |    3|   0|    3|          0|
    |tmp_id_V_3_reg_4391                              |    3|   0|    3|          0|
    |tmp_id_V_9_reg_5111                              |    3|   0|    3|          0|
    |tmp_keep_V_12_reg_1877                           |   32|   0|   32|          0|
    |tmp_keep_V_15_reg_1808                           |   32|   0|   32|          0|
    |tmp_keep_V_18_reg_1985                           |   32|   0|   32|          0|
    |tmp_keep_V_21_reg_2080                           |   32|   0|   32|          0|
    |tmp_keep_V_24_reg_2263                           |   32|   0|   32|          0|
    |tmp_keep_V_27_reg_2193                           |   32|   0|   32|          0|
    |tmp_keep_V_3_reg_4382                            |   32|   0|   32|          0|
    |tmp_keep_V_9_reg_5099                            |   32|   0|   32|          0|
    |tmp_last_V_11_reg_1865                           |    1|   0|    1|          0|
    |tmp_last_V_14_reg_1796                           |    1|   0|    1|          0|
    |tmp_last_V_17_reg_1973                           |    1|   0|    1|          0|
    |tmp_last_V_20_reg_2068                           |    1|   0|    1|          0|
    |tmp_last_V_23_reg_2251                           |    1|   0|    1|          0|
    |tmp_last_V_26_reg_2181                           |    1|   0|    1|          0|
    |tmp_last_V_27_reg_4387                           |    1|   0|    1|          0|
    |tmp_last_V_8_reg_5105                            |    1|   0|    1|          0|
    |tmp_reg_4334                                     |    9|   0|   64|         55|
    |tmp_topic_0_2_reg_1631                           |  176|   0|  176|          0|
    |tmp_topic_11_0_2_reg_1567                        |   32|   0|   32|          0|
    |tmp_topic_11_1_2_reg_1554                        |   32|   0|   32|          0|
    |tmp_topic_2_2_reg_1619                           |   16|   0|   16|          0|
    |tmp_topic_7_3_reg_1606                           |   16|   0|   16|          0|
    |tmp_topic_8_3_reg_1593                           |   16|   0|   16|          0|
    |tmp_topic_9_2_reg_1580                           |   32|   0|   32|          0|
    |tmp_topic_klm_p_1_reg_5009                       |   32|   0|   32|          0|
    |tmp_topic_klm_p_2_fu_580                         |   32|   0|   32|          0|
    |tmp_topic_klm_p_2_lo_reg_4946                    |   32|   0|   32|          0|
    |tmp_topic_klm_x_hat_2_fu_576                     |   32|   0|   32|          0|
    |tmp_topic_klm_x_hat_s_reg_4940                   |   32|   0|   32|          0|
    |tmp_topic_klm_x_prev_reg_4760                    |   16|   0|   16|          0|
    |tmp_topic_max_V_1_fu_568                         |   16|   0|   16|          0|
    |tmp_topic_max_V_1_lo_reg_4925                    |   16|   0|   16|          0|
    |tmp_topic_min_V_1_fu_564                         |   16|   0|   16|          0|
    |tmp_topic_min_V_1_lo_reg_4917                    |   16|   0|   16|          0|
    |tmp_topic_min_V_4_reg_4868                       |   16|   0|   16|          0|
    |tmp_topic_sum_V_2_fu_572                         |   32|   0|   32|          0|
    |tmp_topic_sum_V_2_lo_reg_4933                    |   32|   0|   32|          0|
    |tmp_topic_tot_sub_V_reg_4627                     |    3|   0|    3|          0|
    |tmp_topic_vld_reg_4765                           |    1|   0|    1|          0|
    |tmp_user_V_12_reg_1841                           |   12|   0|   12|          0|
    |tmp_user_V_15_reg_1772                           |   12|   0|   12|          0|
    |tmp_user_V_18_reg_1949                           |   12|   0|   12|          0|
    |tmp_user_V_21_reg_2044                           |   12|   0|   12|          0|
    |tmp_user_V_24_reg_2227                           |   12|   0|   12|          0|
    |tmp_user_V_27_reg_2157                           |   12|   0|   12|          0|
    |tmp_user_V_3_reg_4396                            |   12|   0|   12|          0|
    |tmp_user_V_9_reg_5117                            |   12|   0|   12|          0|
    |topics_avg_V_addr_reg_4655                       |    8|   0|    9|          1|
    |topics_avg_V_load_reg_4730                       |    2|   0|    2|          0|
    |topics_count_V_addr_1_reg_4635                   |    8|   0|    9|          1|
    |topics_data_V_addr_1_reg_4622                    |    8|   0|    9|          1|
    |topics_exec_0_addr_reg_4525                      |    8|   0|    9|          1|
    |topics_exec_0_load_reg_4539                      |    2|   0|    2|          0|
    |topics_exec_1_addr_reg_4545                      |    8|   0|    9|          1|
    |topics_exec_1_load_reg_4595                      |    2|   0|    2|          0|
    |topics_exec_2_addr_1_reg_4550                    |    8|   0|    9|          1|
    |topics_exec_2_load_reg_4601                      |    3|   0|    3|          0|
    |topics_exec_3_addr_1_reg_4607                    |    8|   0|    9|          1|
    |topics_exec_3_load_reg_4675                      |    3|   0|    3|          0|
    |topics_exec_4_addr_1_reg_4612                    |    8|   0|    9|          1|
    |topics_exec_4_load_reg_4681                      |    3|   0|    3|          0|
    |topics_klm_p_addr_reg_4692                       |    8|   0|    9|          1|
    |topics_klm_r_V_addr_reg_4617                     |    8|   0|    9|          1|
    |topics_klm_r_V_load_reg_4702                     |    2|   0|    2|          0|
    |topics_klm_x_hat_add_1_reg_4687                  |    8|   0|    9|          1|
    |topics_klm_x_prev_V_1_reg_4697                   |    8|   0|    9|          1|
    |topics_max_V_addr_reg_4665                       |    8|   0|    9|          1|
    |topics_min_V_addr_reg_4660                       |    8|   0|    9|          1|
    |topics_sub_ip_dest_V_4_reg_5015                  |   10|   0|   10|          0|
    |topics_sub_ip_dest_V_reg_4423                    |   10|   0|   10|          0|
    |topics_sub_ip_src_V_3_reg_4645                   |   32|   0|   32|          0|
    |topics_sub_ip_src_V_5_reg_5033                   |   10|   0|   10|          0|
    |topics_sub_ip_src_V_s_reg_4446                   |   10|   0|   10|          0|
    |topics_sub_mac_V_add_3_reg_5051                  |   10|   0|   10|          0|
    |topics_sub_mac_V_add_reg_4469                    |   10|   0|   10|          0|
    |topics_sub_mac_V_loa_reg_4650                    |   48|   0|   48|          0|
    |topics_sum_V_addr_reg_4670                       |    8|   0|    9|          1|
    |topics_tot_sub_V_add_1_reg_4590                  |    8|   0|    9|          1|
    |topics_vld_addr_reg_4708                         |    8|   0|    9|          1|
    |tpc                                              |  611|   0|  611|          0|
    |tpc_load_reg_4324                                |  611|   0|  611|          0|
    |type_V_reg_4409                                  |    8|   0|    8|          0|
    |val_assign_1_reg_2023                            |    2|   0|    2|          0|
    |val_assign_2_reg_2136                            |    2|   0|    2|          0|
    |val_assign_reg_1751                              |    2|   0|    2|          0|
    +-------------------------------------------------+-----+----+-----+-----------+
    |Total                                            | 9313|   0| 9464|        151|
    +-------------------------------------------------+-----+----+-----+-----------+



================================================================
== Interface
================================================================
* Summary: 
+-------------------+-----+-----+------------+----------------------+--------------+
|     RTL Ports     | Dir | Bits|  Protocol  |     Source Object    |    C Type    |
+-------------------+-----+-----+------------+----------------------+--------------+
|ap_clk             |  in |    1| ap_ctrl_hs | Block_codeRepl1510_p | return value |
|ap_rst             |  in |    1| ap_ctrl_hs | Block_codeRepl1510_p | return value |
|ap_start           |  in |    1| ap_ctrl_hs | Block_codeRepl1510_p | return value |
|ap_done            | out |    1| ap_ctrl_hs | Block_codeRepl1510_p | return value |
|ap_continue        |  in |    1| ap_ctrl_hs | Block_codeRepl1510_p | return value |
|ap_idle            | out |    1| ap_ctrl_hs | Block_codeRepl1510_p | return value |
|ap_ready           | out |    1| ap_ctrl_hs | Block_codeRepl1510_p | return value |
|prt_nw2sbu_TDATA   |  in |  256|    axis    |  prt_nw2sbu_V_data_V |    pointer   |
|prt_nw2sbu_TVALID  |  in |    1|    axis    |  prt_nw2sbu_V_user_V |    pointer   |
|prt_nw2sbu_TREADY  | out |    1|    axis    |  prt_nw2sbu_V_user_V |    pointer   |
|prt_nw2sbu_TUSER   |  in |   12|    axis    |  prt_nw2sbu_V_user_V |    pointer   |
|prt_nw2sbu_TKEEP   |  in |   32|    axis    |  prt_nw2sbu_V_keep_V |    pointer   |
|prt_nw2sbu_TLAST   |  in |    1|    axis    |  prt_nw2sbu_V_last_V |    pointer   |
|prt_nw2sbu_TID     |  in |    3|    axis    |   prt_nw2sbu_V_id_V  |    pointer   |
|prt_cx2sbu_TDATA   |  in |  256|    axis    |  prt_cx2sbu_V_data_V |    pointer   |
|prt_cx2sbu_TVALID  |  in |    1|    axis    |  prt_cx2sbu_V_user_V |    pointer   |
|prt_cx2sbu_TREADY  | out |    1|    axis    |  prt_cx2sbu_V_user_V |    pointer   |
|prt_cx2sbu_TUSER   |  in |   12|    axis    |  prt_cx2sbu_V_user_V |    pointer   |
|prt_cx2sbu_TKEEP   |  in |   32|    axis    |  prt_cx2sbu_V_keep_V |    pointer   |
|prt_cx2sbu_TLAST   |  in |    1|    axis    |  prt_cx2sbu_V_last_V |    pointer   |
|prt_cx2sbu_TID     |  in |    3|    axis    |   prt_cx2sbu_V_id_V  |    pointer   |
|sbu2prt_nw_TDATA   | out |  256|    axis    |  sbu2prt_nw_V_data_V |    pointer   |
|sbu2prt_nw_TVALID  | out |    1|    axis    |  sbu2prt_nw_V_user_V |    pointer   |
|sbu2prt_nw_TREADY  |  in |    1|    axis    |  sbu2prt_nw_V_user_V |    pointer   |
|sbu2prt_nw_TUSER   | out |   12|    axis    |  sbu2prt_nw_V_user_V |    pointer   |
|sbu2prt_nw_TKEEP   | out |   32|    axis    |  sbu2prt_nw_V_keep_V |    pointer   |
|sbu2prt_nw_TLAST   | out |    1|    axis    |  sbu2prt_nw_V_last_V |    pointer   |
|sbu2prt_nw_TID     | out |    3|    axis    |   sbu2prt_nw_V_id_V  |    pointer   |
|mlx2sbu_TDATA      |  in |  256|    axis    |   mlx2sbu_V_data_V   |    pointer   |
|mlx2sbu_TVALID     |  in |    1|    axis    |   mlx2sbu_V_user_V   |    pointer   |
|mlx2sbu_TREADY     | out |    1|    axis    |   mlx2sbu_V_user_V   |    pointer   |
|mlx2sbu_TUSER      |  in |   12|    axis    |   mlx2sbu_V_user_V   |    pointer   |
|mlx2sbu_TKEEP      |  in |   32|    axis    |   mlx2sbu_V_keep_V   |    pointer   |
|mlx2sbu_TLAST      |  in |    1|    axis    |   mlx2sbu_V_last_V   |    pointer   |
|mlx2sbu_TID        |  in |    3|    axis    |    mlx2sbu_V_id_V    |    pointer   |
|sbu2mlx_TDATA      | out |  256|    axis    |   sbu2mlx_V_data_V   |    pointer   |
|sbu2mlx_TVALID     | out |    1|    axis    |   sbu2mlx_V_user_V   |    pointer   |
|sbu2mlx_TREADY     |  in |    1|    axis    |   sbu2mlx_V_user_V   |    pointer   |
|sbu2mlx_TUSER      | out |   12|    axis    |   sbu2mlx_V_user_V   |    pointer   |
|sbu2mlx_TKEEP      | out |   32|    axis    |   sbu2mlx_V_keep_V   |    pointer   |
|sbu2mlx_TLAST      | out |    1|    axis    |   sbu2mlx_V_last_V   |    pointer   |
|sbu2mlx_TID        | out |    3|    axis    |    sbu2mlx_V_id_V    |    pointer   |
|sbu2prt_cx_TDATA   | out |  256|    axis    |  sbu2prt_cx_V_data_V |    pointer   |
|sbu2prt_cx_TVALID  | out |    1|    axis    |  sbu2prt_cx_V_user_V |    pointer   |
|sbu2prt_cx_TREADY  |  in |    1|    axis    |  sbu2prt_cx_V_user_V |    pointer   |
|sbu2prt_cx_TUSER   | out |   12|    axis    |  sbu2prt_cx_V_user_V |    pointer   |
|sbu2prt_cx_TKEEP   | out |   32|    axis    |  sbu2prt_cx_V_keep_V |    pointer   |
|sbu2prt_cx_TLAST   | out |    1|    axis    |  sbu2prt_cx_V_last_V |    pointer   |
|sbu2prt_cx_TID     | out |    3|    axis    |   sbu2prt_cx_V_id_V  |    pointer   |
+-------------------+-----+-----+------------+----------------------+--------------+

